2026-03-27T18:34:24.893+07:00  INFO 18616 --- [springsieutoc] [restartedMain] v.j.s.SpringsieutocApplication           : Starting SpringsieutocApplication using Java 21.0.9 with PID 18616 (D:\Study\SpringJava\04-spring-sieutoc-restful-starter\target\classes started by vinhung in D:\Study\SpringJava\04-spring-sieutoc-restful-starter)
2026-03-27T18:34:24.895+07:00  INFO 18616 --- [springsieutoc] [restartedMain] v.j.s.SpringsieutocApplication           : The following 1 profile is active: "prod"
2026-03-27T18:34:24.931+07:00  INFO 18616 --- [springsieutoc] [restartedMain] .e.DevToolsPropertyDefaultsPostProcessor : Devtools property defaults active! Set 'spring.devtools.add-properties' to 'false' to disable
2026-03-27T18:34:24.932+07:00  INFO 18616 --- [springsieutoc] [restartedMain] .e.DevToolsPropertyDefaultsPostProcessor : For additional web related logging consider setting the 'logging.level.web' property to 'DEBUG'
2026-03-27T18:34:25.703+07:00  INFO 18616 --- [springsieutoc] [restartedMain] .s.d.r.c.RepositoryConfigurationDelegate : Bootstrapping Spring Data JPA repositories in DEFAULT mode.
2026-03-27T18:34:25.823+07:00  INFO 18616 --- [springsieutoc] [restartedMain] .s.d.r.c.RepositoryConfigurationDelegate : Finished Spring Data repository scanning in 106 ms. Found 6 JPA repository interfaces.
2026-03-27T18:34:26.650+07:00  INFO 18616 --- [springsieutoc] [restartedMain] o.s.b.w.embedded.tomcat.TomcatWebServer  : Tomcat initialized with port 8080 (http)
2026-03-27T18:34:26.661+07:00  INFO 18616 --- [springsieutoc] [restartedMain] o.apache.catalina.core.StandardService   : Starting service [Tomcat]
2026-03-27T18:34:26.661+07:00  INFO 18616 --- [springsieutoc] [restartedMain] o.apache.catalina.core.StandardEngine    : Starting Servlet engine: [Apache Tomcat/10.1.46]
2026-03-27T18:34:26.702+07:00  INFO 18616 --- [springsieutoc] [restartedMain] o.a.c.c.C.[Tomcat].[localhost].[/]       : Initializing Spring embedded WebApplicationContext
2026-03-27T18:34:26.702+07:00  INFO 18616 --- [springsieutoc] [restartedMain] w.s.c.ServletWebServerApplicationContext : Root WebApplicationContext: initialization completed in 1769 ms
2026-03-27T18:34:26.918+07:00  INFO 18616 --- [springsieutoc] [restartedMain] o.hibernate.jpa.internal.util.LogHelper  : HHH000204: Processing PersistenceUnitInfo [name: default]
2026-03-27T18:34:26.955+07:00  INFO 18616 --- [springsieutoc] [restartedMain] org.hibernate.Version                    : HHH000412: Hibernate ORM core version 6.6.29.Final
2026-03-27T18:34:26.983+07:00  INFO 18616 --- [springsieutoc] [restartedMain] o.h.c.internal.RegionFactoryInitiator    : HHH000026: Second-level cache disabled
2026-03-27T18:34:27.282+07:00  INFO 18616 --- [springsieutoc] [restartedMain] o.s.o.j.p.SpringPersistenceUnitInfo      : No LoadTimeWeaver setup: ignoring JPA class transformer
2026-03-27T18:34:27.317+07:00  INFO 18616 --- [springsieutoc] [restartedMain] com.zaxxer.hikari.HikariDataSource       : HikariPool-1 - Starting...
2026-03-27T18:34:27.690+07:00  INFO 18616 --- [springsieutoc] [restartedMain] com.zaxxer.hikari.pool.HikariPool        : HikariPool-1 - Added connection com.mysql.cj.jdbc.ConnectionImpl@1dfb3f4e
2026-03-27T18:34:27.692+07:00  INFO 18616 --- [springsieutoc] [restartedMain] com.zaxxer.hikari.HikariDataSource       : HikariPool-1 - Start completed.
2026-03-27T18:34:27.753+07:00  WARN 18616 --- [springsieutoc] [restartedMain] org.hibernate.dialect.Dialect            : HHH000511: The 5.7.44 version for [org.hibernate.dialect.MySQLDialect] is no longer supported, hence certain features may not work properly. The minimum supported version is 8.0.0. Check the community dialects project for available legacy versions.
2026-03-27T18:34:27.777+07:00  INFO 18616 --- [springsieutoc] [restartedMain] org.hibernate.orm.connections.pooling    : HHH10001005: Database info:
	Database JDBC URL [Connecting through datasource 'HikariDataSource (HikariPool-1)']
	Database driver: undefined/unknown
	Database version: 5.7.44
	Autocommit mode: undefined/unknown
	Isolation level: undefined/unknown
	Minimum pool size: undefined/unknown
	Maximum pool size: undefined/unknown
2026-03-27T18:34:28.950+07:00  INFO 18616 --- [springsieutoc] [restartedMain] o.h.e.t.j.p.i.JtaPlatformInitiator       : HHH000489: No JTA platform available (set 'hibernate.transaction.jta.platform' to enable JTA platform integration)
2026-03-27T18:34:29.040+07:00  INFO 18616 --- [springsieutoc] [restartedMain] j.LocalContainerEntityManagerFactoryBean : Initialized JPA EntityManagerFactory for persistence unit 'default'
2026-03-27T18:34:29.719+07:00  WARN 18616 --- [springsieutoc] [restartedMain] JpaBaseConfiguration$JpaWebConfiguration : spring.jpa.open-in-view is enabled by default. Therefore, database queries may be performed during view rendering. Explicitly configure spring.jpa.open-in-view to disable this warning
2026-03-27T18:34:29.760+07:00  WARN 18616 --- [springsieutoc] [restartedMain] r$InitializeUserDetailsManagerConfigurer : Found 2 UserDetailsService beans, with names [customUserDetailsService, userDetailsService]. Global Authentication Manager will not use a UserDetailsService for username/password login. Consider publishing a single UserDetailsService bean.
2026-03-27T18:34:30.765+07:00  INFO 18616 --- [springsieutoc] [restartedMain] o.s.b.d.a.OptionalLiveReloadServer       : LiveReload server is running on port 35729
2026-03-27T18:34:30.829+07:00  INFO 18616 --- [springsieutoc] [restartedMain] o.s.b.w.embedded.tomcat.TomcatWebServer  : Tomcat started on port 8080 (http) with context path '/'
2026-03-27T18:34:30.848+07:00  INFO 18616 --- [springsieutoc] [restartedMain] v.j.s.SpringsieutocApplication           : Started SpringsieutocApplication in 6.375 seconds (process running for 6.907)
2026-03-27T18:34:30.854+07:00  WARN 18616 --- [springsieutoc] [restartedMain] o.s.core.events.SpringDocAppInitializer  : SpringDoc /v3/api-docs endpoint is enabled by default. To disable it in production, set the property 'springdoc.api-docs.enabled=false'
2026-03-27T18:34:30.854+07:00  WARN 18616 --- [springsieutoc] [restartedMain] o.s.core.events.SpringDocAppInitializer  : SpringDoc /swagger-ui.html endpoint is enabled by default. To disable it in production, set the property 'springdoc.swagger-ui.enabled=false'
2026-03-27T19:19:25.198+07:00  INFO 18616 --- [springsieutoc] [SpringApplicationShutdownHook] o.s.b.w.e.tomcat.GracefulShutdown        : Commencing graceful shutdown. Waiting for active requests to complete
2026-03-27T19:19:25.210+07:00  INFO 18616 --- [springsieutoc] [tomcat-shutdown] o.s.b.w.e.tomcat.GracefulShutdown        : Graceful shutdown complete
2026-03-27T19:19:25.217+07:00  INFO 18616 --- [springsieutoc] [SpringApplicationShutdownHook] j.LocalContainerEntityManagerFactoryBean : Closing JPA EntityManagerFactory for persistence unit 'default'
2026-03-27T19:19:25.222+07:00  INFO 18616 --- [springsieutoc] [SpringApplicationShutdownHook] com.zaxxer.hikari.HikariDataSource       : HikariPool-1 - Shutdown initiated...
2026-03-27T19:19:25.225+07:00  INFO 18616 --- [springsieutoc] [SpringApplicationShutdownHook] com.zaxxer.hikari.HikariDataSource       : HikariPool-1 - Shutdown completed.
